// Jest Snapshot v1, https://goo.gl/fbAQLP

exports[`Button should render a Button 1`] = `
<button
  onClick={[MockFunction]}
  type="button"
>
  Click Me
</button>
`;
